[
  {
    "x": "0",
    "y": "Sunday",
    "fill": 0
  },
  {
    "x": "1",
    "y": "Sunday",
    "fill": 0
  },
  {
    "x": "2",
    "y": "Sunday",
    "fill": 0
  },
  {
    "x": "3",
    "y": "Sunday",
    "fill": 0
  },
  {
    "x": "4",
    "y": "Sunday",
    "fill": 0
  },
  {
    "x": "5",
    "y": "Sunday",
    "fill": 0
  },
  {
    "x": "6",
    "y": "Sunday",
    "fill": 0
  },
  {
    "x": "7",
    "y": "Sunday",
    "fill": 0
  },
  {
    "x": "8",
    "y": "Sunday",
    "fill": 0
  },
  {
    "x": "9",
    "y": "Sunday",
    "fill": 0
  },
  {
    "x": "10",
    "y": "Sunday",
    "fill": 0
  },
  {
    "x": "11",
    "y": "Sunday",
    "fill": 0
  },
  {
    "x": "12",
    "y": "Sunday",
    "fill": 0
  },
  {
    "x": "13",
    "y": "Sunday",
    "fill": 0
  },
  {
    "x": "14",
    "y": "Sunday",
    "fill": 0
  },
  {
    "x": "15",
    "y": "Sunday",
    "fill": 0
  },
  {
    "x": "16",
    "y": "Sunday",
    "fill": 0
  },
  {
    "x": "17",
    "y": "Sunday",
    "fill": 0
  },
  {
    "x": "18",
    "y": "Sunday",
    "fill": 0
  },
  {
    "x": "19",
    "y": "Sunday",
    "fill": 0
  },
  {
    "x": "20",
    "y": "Sunday",
    "fill": 0
  },
  {
    "x": "21",
    "y": "Sunday",
    "fill": 0
  },
  {
    "x": "22",
    "y": "Sunday",
    "fill": 0
  },
  {
    "x": "23",
    "y": "Sunday",
    "fill": 0
  },
  {
    "x": "0",
    "y": "Monday",
    "fill": 0
  },
  {
    "x": "1",
    "y": "Monday",
    "fill": 0
  },
  {
    "x": "2",
    "y": "Monday",
    "fill": 0
  },
  {
    "x": "3",
    "y": "Monday",
    "fill": 0
  },
  {
    "x": "4",
    "y": "Monday",
    "fill": 0
  },
  {
    "x": "5",
    "y": "Monday",
    "fill": 0
  },
  {
    "x": "6",
    "y": "Monday",
    "fill": 0
  },
  {
    "x": "7",
    "y": "Monday",
    "fill": 0
  },
  {
    "x": "8",
    "y": "Monday",
    "fill": 0
  },
  {
    "x": "9",
    "y": "Monday",
    "fill": 0
  },
  {
    "x": "10",
    "y": "Monday",
    "fill": 0
  },
  {
    "x": "11",
    "y": "Monday",
    "fill": 0
  },
  {
    "x": "12",
    "y": "Monday",
    "fill": 0
  },
  {
    "x": "13",
    "y": "Monday",
    "fill": 0
  },
  {
    "x": "14",
    "y": "Monday",
    "fill": 0
  },
  {
    "x": "15",
    "y": "Monday",
    "fill": 0
  },
  {
    "x": "16",
    "y": "Monday",
    "fill": 0
  },
  {
    "x": "17",
    "y": "Monday",
    "fill": 0
  },
  {
    "x": "18",
    "y": "Monday",
    "fill": 0
  },
  {
    "x": "19",
    "y": "Monday",
    "fill": 0
  },
  {
    "x": "20",
    "y": "Monday",
    "fill": 0
  },
  {
    "x": "21",
    "y": "Monday",
    "fill": 0
  },
  {
    "x": "22",
    "y": "Monday",
    "fill": 0
  },
  {
    "x": "23",
    "y": "Monday",
    "fill": 0
  },
  {
    "x": "0",
    "y": "Tuesday",
    "fill": 0
  },
  {
    "x": "1",
    "y": "Tuesday",
    "fill": 0
  },
  {
    "x": "2",
    "y": "Tuesday",
    "fill": 0
  },
  {
    "x": "3",
    "y": "Tuesday",
    "fill": 0
  },
  {
    "x": "4",
    "y": "Tuesday",
    "fill": 0
  },
  {
    "x": "5",
    "y": "Tuesday",
    "fill": 0
  },
  {
    "x": "6",
    "y": "Tuesday",
    "fill": 0
  },
  {
    "x": "7",
    "y": "Tuesday",
    "fill": 0
  },
  {
    "x": "8",
    "y": "Tuesday",
    "fill": 0
  },
  {
    "x": "9",
    "y": "Tuesday",
    "fill": 0
  },
  {
    "x": "10",
    "y": "Tuesday",
    "fill": 0
  },
  {
    "x": "11",
    "y": "Tuesday",
    "fill": 0
  },
  {
    "x": "12",
    "y": "Tuesday",
    "fill": 0
  },
  {
    "x": "13",
    "y": "Tuesday",
    "fill": 0
  },
  {
    "x": "14",
    "y": "Tuesday",
    "fill": 0
  },
  {
    "x": "15",
    "y": "Tuesday",
    "fill": 0
  },
  {
    "x": "16",
    "y": "Tuesday",
    "fill": 0
  },
  {
    "x": "17",
    "y": "Tuesday",
    "fill": 0
  },
  {
    "x": "18",
    "y": "Tuesday",
    "fill": 0
  },
  {
    "x": "19",
    "y": "Tuesday",
    "fill": 0
  },
  {
    "x": "20",
    "y": "Tuesday",
    "fill": 0
  },
  {
    "x": "21",
    "y": "Tuesday",
    "fill": 0
  },
  {
    "x": "22",
    "y": "Tuesday",
    "fill": 0
  },
  {
    "x": "23",
    "y": "Tuesday",
    "fill": 0
  },
  {
    "x": "0",
    "y": "Wednesday",
    "fill": 0
  },
  {
    "x": "1",
    "y": "Wednesday",
    "fill": 0
  },
  {
    "x": "2",
    "y": "Wednesday",
    "fill": 0
  },
  {
    "x": "3",
    "y": "Wednesday",
    "fill": 0
  },
  {
    "x": "4",
    "y": "Wednesday",
    "fill": 0
  },
  {
    "x": "5",
    "y": "Wednesday",
    "fill": 0
  },
  {
    "x": "6",
    "y": "Wednesday",
    "fill": 0
  },
  {
    "x": "7",
    "y": "Wednesday",
    "fill": 0
  },
  {
    "x": "8",
    "y": "Wednesday",
    "fill": 0
  },
  {
    "x": "9",
    "y": "Wednesday",
    "fill": 0
  },
  {
    "x": "10",
    "y": "Wednesday",
    "fill": 0
  },
  {
    "x": "11",
    "y": "Wednesday",
    "fill": 0
  },
  {
    "x": "12",
    "y": "Wednesday",
    "fill": 0
  },
  {
    "x": "13",
    "y": "Wednesday",
    "fill": 0
  },
  {
    "x": "14",
    "y": "Wednesday",
    "fill": 0
  },
  {
    "x": "15",
    "y": "Wednesday",
    "fill": 0
  },
  {
    "x": "16",
    "y": "Wednesday",
    "fill": 0
  },
  {
    "x": "17",
    "y": "Wednesday",
    "fill": 0
  },
  {
    "x": "18",
    "y": "Wednesday",
    "fill": 0
  },
  {
    "x": "19",
    "y": "Wednesday",
    "fill": 0
  },
  {
    "x": "20",
    "y": "Wednesday",
    "fill": 0
  },
  {
    "x": "21",
    "y": "Wednesday",
    "fill": 0
  },
  {
    "x": "22",
    "y": "Wednesday",
    "fill": 0
  },
  {
    "x": "23",
    "y": "Wednesday",
    "fill": 0
  },
  {
    "x": "0",
    "y": "Thursday",
    "fill": 0
  },
  {
    "x": "1",
    "y": "Thursday",
    "fill": 0
  },
  {
    "x": "2",
    "y": "Thursday",
    "fill": 0
  },
  {
    "x": "3",
    "y": "Thursday",
    "fill": 0
  },
  {
    "x": "4",
    "y": "Thursday",
    "fill": 0
  },
  {
    "x": "5",
    "y": "Thursday",
    "fill": 0
  },
  {
    "x": "6",
    "y": "Thursday",
    "fill": 0
  },
  {
    "x": "7",
    "y": "Thursday",
    "fill": 0
  },
  {
    "x": "8",
    "y": "Thursday",
    "fill": 0
  },
  {
    "x": "9",
    "y": "Thursday",
    "fill": 0
  },
  {
    "x": "10",
    "y": "Thursday",
    "fill": 0
  },
  {
    "x": "11",
    "y": "Thursday",
    "fill": 0
  },
  {
    "x": "12",
    "y": "Thursday",
    "fill": 0
  },
  {
    "x": "13",
    "y": "Thursday",
    "fill": 0
  },
  {
    "x": "14",
    "y": "Thursday",
    "fill": 0
  },
  {
    "x": "15",
    "y": "Thursday",
    "fill": 0
  },
  {
    "x": "16",
    "y": "Thursday",
    "fill": 0
  },
  {
    "x": "17",
    "y": "Thursday",
    "fill": 0
  },
  {
    "x": "18",
    "y": "Thursday",
    "fill": 0
  },
  {
    "x": "19",
    "y": "Thursday",
    "fill": 0
  },
  {
    "x": "20",
    "y": "Thursday",
    "fill": 0
  },
  {
    "x": "21",
    "y": "Thursday",
    "fill": 0
  },
  {
    "x": "22",
    "y": "Thursday",
    "fill": 0
  },
  {
    "x": "23",
    "y": "Thursday",
    "fill": 0
  },
  {
    "x": "0",
    "y": "Friday",
    "fill": 0
  },
  {
    "x": "1",
    "y": "Friday",
    "fill": 0
  },
  {
    "x": "2",
    "y": "Friday",
    "fill": 0
  },
  {
    "x": "3",
    "y": "Friday",
    "fill": 0
  },
  {
    "x": "4",
    "y": "Friday",
    "fill": 0
  },
  {
    "x": "5",
    "y": "Friday",
    "fill": 0
  },
  {
    "x": "6",
    "y": "Friday",
    "fill": 0
  },
  {
    "x": "7",
    "y": "Friday",
    "fill": 0
  },
  {
    "x": "8",
    "y": "Friday",
    "fill": 0
  },
  {
    "x": "9",
    "y": "Friday",
    "fill": 0
  },
  {
    "x": "10",
    "y": "Friday",
    "fill": 0
  },
  {
    "x": "11",
    "y": "Friday",
    "fill": 0
  },
  {
    "x": "12",
    "y": "Friday",
    "fill": 0
  },
  {
    "x": "13",
    "y": "Friday",
    "fill": 0
  },
  {
    "x": "14",
    "y": "Friday",
    "fill": 0
  },
  {
    "x": "15",
    "y": "Friday",
    "fill": 0
  },
  {
    "x": "16",
    "y": "Friday",
    "fill": 0
  },
  {
    "x": "17",
    "y": "Friday",
    "fill": 0
  },
  {
    "x": "18",
    "y": "Friday",
    "fill": 0
  },
  {
    "x": "19",
    "y": "Friday",
    "fill": 0
  },
  {
    "x": "20",
    "y": "Friday",
    "fill": 0
  },
  {
    "x": "21",
    "y": "Friday",
    "fill": 0
  },
  {
    "x": "22",
    "y": "Friday",
    "fill": 0
  },
  {
    "x": "23",
    "y": "Friday",
    "fill": 0
  },
  {
    "x": "0",
    "y": "Saturday",
    "fill": 0
  },
  {
    "x": "1",
    "y": "Saturday",
    "fill": 0
  },
  {
    "x": "2",
    "y": "Saturday",
    "fill": 0
  },
  {
    "x": "3",
    "y": "Saturday",
    "fill": 0
  },
  {
    "x": "4",
    "y": "Saturday",
    "fill": 0
  },
  {
    "x": "5",
    "y": "Saturday",
    "fill": 0
  },
  {
    "x": "6",
    "y": "Saturday",
    "fill": 0
  },
  {
    "x": "7",
    "y": "Saturday",
    "fill": 0
  },
  {
    "x": "8",
    "y": "Saturday",
    "fill": 0
  },
  {
    "x": "9",
    "y": "Saturday",
    "fill": 0
  },
  {
    "x": "10",
    "y": "Saturday",
    "fill": 0
  },
  {
    "x": "11",
    "y": "Saturday",
    "fill": 0
  },
  {
    "x": "12",
    "y": "Saturday",
    "fill": 0
  },
  {
    "x": "13",
    "y": "Saturday",
    "fill": 0
  },
  {
    "x": "14",
    "y": "Saturday",
    "fill": 0
  },
  {
    "x": "15",
    "y": "Saturday",
    "fill": 0
  },
  {
    "x": "16",
    "y": "Saturday",
    "fill": 0
  },
  {
    "x": "17",
    "y": "Saturday",
    "fill": 0
  },
  {
    "x": "18",
    "y": "Saturday",
    "fill": 0
  },
  {
    "x": "19",
    "y": "Saturday",
    "fill": 0
  },
  {
    "x": "20",
    "y": "Saturday",
    "fill": 0
  },
  {
    "x": "21",
    "y": "Saturday",
    "fill": 0
  },
  {
    "x": "22",
    "y": "Saturday",
    "fill": 0
  },
  {
    "x": "23",
    "y": "Saturday",
    "fill": 0
  }
]