[
  {
    "x": "0",
    "y": "Sun",
    "fill": 0
  },
  {
    "x": "1",
    "y": "Sun",
    "fill": 0
  },
  {
    "x": "2",
    "y": "Sun",
    "fill": 0
  },
  {
    "x": "3",
    "y": "Sun",
    "fill": 0
  },
  {
    "x": "4",
    "y": "Sun",
    "fill": 0
  },
  {
    "x": "5",
    "y": "Sun",
    "fill": 0
  },
  {
    "x": "6",
    "y": "Sun",
    "fill": 0
  },
  {
    "x": "7",
    "y": "Sun",
    "fill": 0
  },
  {
    "x": "8",
    "y": "Sun",
    "fill": 0
  },
  {
    "x": "9",
    "y": "Sun",
    "fill": 0
  },
  {
    "x": "10",
    "y": "Sun",
    "fill": 0
  },
  {
    "x": "11",
    "y": "Sun",
    "fill": 0
  },
  {
    "x": "12",
    "y": "Sun",
    "fill": 0
  },
  {
    "x": "13",
    "y": "Sun",
    "fill": 0
  },
  {
    "x": "14",
    "y": "Sun",
    "fill": 0
  },
  {
    "x": "15",
    "y": "Sun",
    "fill": 0
  },
  {
    "x": "16",
    "y": "Sun",
    "fill": 0
  },
  {
    "x": "17",
    "y": "Sun",
    "fill": 0
  },
  {
    "x": "18",
    "y": "Sun",
    "fill": 0
  },
  {
    "x": "19",
    "y": "Sun",
    "fill": 0
  },
  {
    "x": "20",
    "y": "Sun",
    "fill": 0
  },
  {
    "x": "21",
    "y": "Sun",
    "fill": 0
  },
  {
    "x": "22",
    "y": "Sun",
    "fill": 0
  },
  {
    "x": "23",
    "y": "Sun",
    "fill": 0
  },
  {
    "x": "0",
    "y": "Mon",
    "fill": 0
  },
  {
    "x": "1",
    "y": "Mon",
    "fill": 0
  },
  {
    "x": "2",
    "y": "Mon",
    "fill": 0
  },
  {
    "x": "3",
    "y": "Mon",
    "fill": 0
  },
  {
    "x": "4",
    "y": "Mon",
    "fill": 0
  },
  {
    "x": "5",
    "y": "Mon",
    "fill": 0
  },
  {
    "x": "6",
    "y": "Mon",
    "fill": 0
  },
  {
    "x": "7",
    "y": "Mon",
    "fill": 0
  },
  {
    "x": "8",
    "y": "Mon",
    "fill": 0
  },
  {
    "x": "9",
    "y": "Mon",
    "fill": 0
  },
  {
    "x": "10",
    "y": "Mon",
    "fill": 0
  },
  {
    "x": "11",
    "y": "Mon",
    "fill": 0
  },
  {
    "x": "12",
    "y": "Mon",
    "fill": 0
  },
  {
    "x": "13",
    "y": "Mon",
    "fill": 0
  },
  {
    "x": "14",
    "y": "Mon",
    "fill": 0
  },
  {
    "x": "15",
    "y": "Mon",
    "fill": 0
  },
  {
    "x": "16",
    "y": "Mon",
    "fill": 0
  },
  {
    "x": "17",
    "y": "Mon",
    "fill": 0
  },
  {
    "x": "18",
    "y": "Mon",
    "fill": 0
  },
  {
    "x": "19",
    "y": "Mon",
    "fill": 0
  },
  {
    "x": "20",
    "y": "Mon",
    "fill": 0
  },
  {
    "x": "21",
    "y": "Mon",
    "fill": 0
  },
  {
    "x": "22",
    "y": "Mon",
    "fill": 0
  },
  {
    "x": "23",
    "y": "Mon",
    "fill": 0
  },
  {
    "x": "0",
    "y": "Tue",
    "fill": 0
  },
  {
    "x": "1",
    "y": "Tue",
    "fill": 0
  },
  {
    "x": "2",
    "y": "Tue",
    "fill": 0
  },
  {
    "x": "3",
    "y": "Tue",
    "fill": 0
  },
  {
    "x": "4",
    "y": "Tue",
    "fill": 0
  },
  {
    "x": "5",
    "y": "Tue",
    "fill": 0
  },
  {
    "x": "6",
    "y": "Tue",
    "fill": 0
  },
  {
    "x": "7",
    "y": "Tue",
    "fill": 0
  },
  {
    "x": "8",
    "y": "Tue",
    "fill": 0
  },
  {
    "x": "9",
    "y": "Tue",
    "fill": 0
  },
  {
    "x": "10",
    "y": "Tue",
    "fill": 0
  },
  {
    "x": "11",
    "y": "Tue",
    "fill": 0
  },
  {
    "x": "12",
    "y": "Tue",
    "fill": 0
  },
  {
    "x": "13",
    "y": "Tue",
    "fill": 0
  },
  {
    "x": "14",
    "y": "Tue",
    "fill": 0
  },
  {
    "x": "15",
    "y": "Tue",
    "fill": 0
  },
  {
    "x": "16",
    "y": "Tue",
    "fill": 0
  },
  {
    "x": "17",
    "y": "Tue",
    "fill": 0
  },
  {
    "x": "18",
    "y": "Tue",
    "fill": 0
  },
  {
    "x": "19",
    "y": "Tue",
    "fill": 0
  },
  {
    "x": "20",
    "y": "Tue",
    "fill": 0
  },
  {
    "x": "21",
    "y": "Tue",
    "fill": 0
  },
  {
    "x": "22",
    "y": "Tue",
    "fill": 0
  },
  {
    "x": "23",
    "y": "Tue",
    "fill": 0
  },
  {
    "x": "0",
    "y": "Wed",
    "fill": 0
  },
  {
    "x": "1",
    "y": "Wed",
    "fill": 0
  },
  {
    "x": "2",
    "y": "Wed",
    "fill": 0
  },
  {
    "x": "3",
    "y": "Wed",
    "fill": 0
  },
  {
    "x": "4",
    "y": "Wed",
    "fill": 0
  },
  {
    "x": "5",
    "y": "Wed",
    "fill": 0
  },
  {
    "x": "6",
    "y": "Wed",
    "fill": 0
  },
  {
    "x": "7",
    "y": "Wed",
    "fill": 0
  },
  {
    "x": "8",
    "y": "Wed",
    "fill": 0
  },
  {
    "x": "9",
    "y": "Wed",
    "fill": 0
  },
  {
    "x": "10",
    "y": "Wed",
    "fill": 0
  },
  {
    "x": "11",
    "y": "Wed",
    "fill": 0
  },
  {
    "x": "12",
    "y": "Wed",
    "fill": 0
  },
  {
    "x": "13",
    "y": "Wed",
    "fill": 0
  },
  {
    "x": "14",
    "y": "Wed",
    "fill": 0
  },
  {
    "x": "15",
    "y": "Wed",
    "fill": 0
  },
  {
    "x": "16",
    "y": "Wed",
    "fill": 0
  },
  {
    "x": "17",
    "y": "Wed",
    "fill": 0
  },
  {
    "x": "18",
    "y": "Wed",
    "fill": 0
  },
  {
    "x": "19",
    "y": "Wed",
    "fill": 0
  },
  {
    "x": "20",
    "y": "Wed",
    "fill": 0
  },
  {
    "x": "21",
    "y": "Wed",
    "fill": 0
  },
  {
    "x": "22",
    "y": "Wed",
    "fill": 0
  },
  {
    "x": "23",
    "y": "Wed",
    "fill": 0
  },
  {
    "x": "0",
    "y": "Thu",
    "fill": 0
  },
  {
    "x": "1",
    "y": "Thu",
    "fill": 0
  },
  {
    "x": "2",
    "y": "Thu",
    "fill": 0
  },
  {
    "x": "3",
    "y": "Thu",
    "fill": 0
  },
  {
    "x": "4",
    "y": "Thu",
    "fill": 0
  },
  {
    "x": "5",
    "y": "Thu",
    "fill": 0
  },
  {
    "x": "6",
    "y": "Thu",
    "fill": 0
  },
  {
    "x": "7",
    "y": "Thu",
    "fill": 0
  },
  {
    "x": "8",
    "y": "Thu",
    "fill": 0
  },
  {
    "x": "9",
    "y": "Thu",
    "fill": 0
  },
  {
    "x": "10",
    "y": "Thu",
    "fill": 0
  },
  {
    "x": "11",
    "y": "Thu",
    "fill": 0
  },
  {
    "x": "12",
    "y": "Thu",
    "fill": 0
  },
  {
    "x": "13",
    "y": "Thu",
    "fill": 0
  },
  {
    "x": "14",
    "y": "Thu",
    "fill": 0
  },
  {
    "x": "15",
    "y": "Thu",
    "fill": 0
  },
  {
    "x": "16",
    "y": "Thu",
    "fill": 0
  },
  {
    "x": "17",
    "y": "Thu",
    "fill": 0
  },
  {
    "x": "18",
    "y": "Thu",
    "fill": 0
  },
  {
    "x": "19",
    "y": "Thu",
    "fill": 0
  },
  {
    "x": "20",
    "y": "Thu",
    "fill": 0
  },
  {
    "x": "21",
    "y": "Thu",
    "fill": 0
  },
  {
    "x": "22",
    "y": "Thu",
    "fill": 0
  },
  {
    "x": "23",
    "y": "Thu",
    "fill": 0
  },
  {
    "x": "0",
    "y": "Fri",
    "fill": 0
  },
  {
    "x": "1",
    "y": "Fri",
    "fill": 0
  },
  {
    "x": "2",
    "y": "Fri",
    "fill": 0
  },
  {
    "x": "3",
    "y": "Fri",
    "fill": 0
  },
  {
    "x": "4",
    "y": "Fri",
    "fill": 0
  },
  {
    "x": "5",
    "y": "Fri",
    "fill": 0
  },
  {
    "x": "6",
    "y": "Fri",
    "fill": 0
  },
  {
    "x": "7",
    "y": "Fri",
    "fill": 0
  },
  {
    "x": "8",
    "y": "Fri",
    "fill": 0
  },
  {
    "x": "9",
    "y": "Fri",
    "fill": 0
  },
  {
    "x": "10",
    "y": "Fri",
    "fill": 0
  },
  {
    "x": "11",
    "y": "Fri",
    "fill": 0
  },
  {
    "x": "12",
    "y": "Fri",
    "fill": 0
  },
  {
    "x": "13",
    "y": "Fri",
    "fill": 0
  },
  {
    "x": "14",
    "y": "Fri",
    "fill": 0
  },
  {
    "x": "15",
    "y": "Fri",
    "fill": 0
  },
  {
    "x": "16",
    "y": "Fri",
    "fill": 0
  },
  {
    "x": "17",
    "y": "Fri",
    "fill": 0
  },
  {
    "x": "18",
    "y": "Fri",
    "fill": 0
  },
  {
    "x": "19",
    "y": "Fri",
    "fill": 0
  },
  {
    "x": "20",
    "y": "Fri",
    "fill": 0
  },
  {
    "x": "21",
    "y": "Fri",
    "fill": 0
  },
  {
    "x": "22",
    "y": "Fri",
    "fill": 0
  },
  {
    "x": "23",
    "y": "Fri",
    "fill": 0
  },
  {
    "x": "0",
    "y": "Sat",
    "fill": 0
  },
  {
    "x": "1",
    "y": "Sat",
    "fill": 0
  },
  {
    "x": "2",
    "y": "Sat",
    "fill": 0
  },
  {
    "x": "3",
    "y": "Sat",
    "fill": 0
  },
  {
    "x": "4",
    "y": "Sat",
    "fill": 0
  },
  {
    "x": "5",
    "y": "Sat",
    "fill": 0
  },
  {
    "x": "6",
    "y": "Sat",
    "fill": 0
  },
  {
    "x": "7",
    "y": "Sat",
    "fill": 0
  },
  {
    "x": "8",
    "y": "Sat",
    "fill": 0
  },
  {
    "x": "9",
    "y": "Sat",
    "fill": 0
  },
  {
    "x": "10",
    "y": "Sat",
    "fill": 0
  },
  {
    "x": "11",
    "y": "Sat",
    "fill": 0
  },
  {
    "x": "12",
    "y": "Sat",
    "fill": 0
  },
  {
    "x": "13",
    "y": "Sat",
    "fill": 0
  },
  {
    "x": "14",
    "y": "Sat",
    "fill": 0
  },
  {
    "x": "15",
    "y": "Sat",
    "fill": 0
  },
  {
    "x": "16",
    "y": "Sat",
    "fill": 0
  },
  {
    "x": "17",
    "y": "Sat",
    "fill": 0
  },
  {
    "x": "18",
    "y": "Sat",
    "fill": 0
  },
  {
    "x": "19",
    "y": "Sat",
    "fill": 0
  },
  {
    "x": "20",
    "y": "Sat",
    "fill": 0
  },
  {
    "x": "21",
    "y": "Sat",
    "fill": 1
  },
  {
    "x": "22",
    "y": "Sat",
    "fill": 0
  },
  {
    "x": "23",
    "y": "Sat",
    "fill": 0
  }
]